// Jest Snapshot v1, https://goo.gl/fbAQLP

exports[`parseTweets createListInputs works with DATE and COMMUNITIES and TWEET_TYPE filters 1`] = `
Array [
  Object {
    "listInput": Object {
      "tweets": Object {
        "connect": Array [
          Object {
            "twitterId": "57100",
          },
          Object {
            "twitterId": "66063",
          },
          Object {
            "twitterId": "9617",
          },
          Object {
            "twitterId": "90340",
          },
          Object {
            "twitterId": "91044",
          },
          Object {
            "twitterId": "53344",
          },
        ],
      },
    },
    "tweetInputs": Array [
      Object {
        "account": Object {
          "connect": Object {
            "id": 80739,
          },
        },
        "accountName": "Nestor.Nienow88",
        "favoritesCount": 89213,
        "media": Object {
          "create": Array [],
        },
        "publishedAt": "2020-01-02T00:00:00.000Z",
        "text": "In ut dolorem et molestiae ea.",
        "twitterId": "57100",
        "urls": Object {
          "create": Array [],
        },
      },
      Object {
        "account": Object {
          "connect": Object {
            "id": 41253,
          },
        },
        "accountName": "Neil44",
        "favoritesCount": 83462,
        "media": Object {
          "create": Array [],
        },
        "publishedAt": "2020-01-01T00:00:00.000Z",
        "text": "Aperiam placeat fuga.",
        "twitterId": "66063",
        "urls": Object {
          "create": Array [],
        },
      },
      Object {
        "account": Object {
          "connect": Object {
            "id": 22212,
          },
        },
        "accountName": "Eldora11",
        "favoritesCount": 78927,
        "media": Object {
          "create": Array [],
        },
        "publishedAt": "2020-01-01T00:00:00.000Z",
        "text": "Architecto ducimus totam.",
        "twitterId": "9617",
        "urls": Object {
          "create": Array [],
        },
      },
      Object {
        "account": Object {
          "connect": Object {
            "id": 4995,
          },
        },
        "accountName": "Kamryn.Conn",
        "favoritesCount": 54060,
        "media": Object {
          "create": Array [],
        },
        "publishedAt": "2020-01-02T00:00:00.000Z",
        "text": "Sed quae nam eos sint autem rerum doloremque officia.",
        "twitterId": "90340",
        "urls": Object {
          "create": Array [],
        },
      },
      Object {
        "account": Object {
          "connect": Object {
            "id": 52479,
          },
        },
        "accountName": "Dina_Gulgowski",
        "favoritesCount": 13002,
        "media": Object {
          "create": Array [],
        },
        "publishedAt": "2020-01-01T00:00:00.000Z",
        "text": "Vitae soluta sint.",
        "twitterId": "91044",
        "urls": Object {
          "create": Array [
            Object {
              "displayUrl": "taniarascia.com/understanding-…",
              "expandedUrl": "https://www.taniarascia.com/understanding-destructuring-rest-spread/",
              "indices": Object {
                "set": Array [
                  65,
                  88,
                ],
              },
              "url": "https://t.co/Zp804COUGM",
            },
          ],
        },
      },
      Object {
        "account": Object {
          "connect": Object {
            "id": 56591,
          },
        },
        "accountName": "Harrison.Wiegand41",
        "favoritesCount": 5336,
        "media": Object {
          "create": Array [
            Object {
              "displayUrl": "pic.twitter.com/P6IgqbkRcU",
              "expandedUrl": "https://twitter.com/mgechev/status/1296696108371116034/photo/1",
              "indices": Object {
                "set": Array [
                  156,
                  179,
                ],
              },
              "mediaUrl": "http://pbs.twimg.com/media/Ef7KPPbXoAIAAV2.jpg",
              "mediaUrlHttps": "https://pbs.twimg.com/media/Ef7KPPbXoAIAAV2.jpg",
              "type": "photo",
              "url": "https://t.co/P6IgqbkRcU",
            },
          ],
        },
        "publishedAt": "2020-01-01T00:00:00.000Z",
        "text": "Laborum ratione a officia quaerat cumque incidunt.",
        "twitterId": "53344",
        "urls": Object {
          "create": Array [],
        },
      },
    ],
  },
  Object {
    "listInput": Object {
      "period": "WEEK",
      "tweets": Object {
        "connect": Array [
          Object {
            "twitterId": "57100",
          },
          Object {
            "twitterId": "66063",
          },
          Object {
            "twitterId": "9617",
          },
          Object {
            "twitterId": "90340",
          },
          Object {
            "twitterId": "91044",
          },
          Object {
            "twitterId": "53344",
          },
        ],
      },
    },
    "tweetInputs": Array [
      Object {
        "account": Object {
          "connect": Object {
            "id": 80739,
          },
        },
        "accountName": "Nestor.Nienow88",
        "favoritesCount": 89213,
        "media": Object {
          "create": Array [],
        },
        "publishedAt": "2020-01-02T00:00:00.000Z",
        "text": "In ut dolorem et molestiae ea.",
        "twitterId": "57100",
        "urls": Object {
          "create": Array [],
        },
      },
      Object {
        "account": Object {
          "connect": Object {
            "id": 41253,
          },
        },
        "accountName": "Neil44",
        "favoritesCount": 83462,
        "media": Object {
          "create": Array [],
        },
        "publishedAt": "2020-01-01T00:00:00.000Z",
        "text": "Aperiam placeat fuga.",
        "twitterId": "66063",
        "urls": Object {
          "create": Array [],
        },
      },
      Object {
        "account": Object {
          "connect": Object {
            "id": 22212,
          },
        },
        "accountName": "Eldora11",
        "favoritesCount": 78927,
        "media": Object {
          "create": Array [],
        },
        "publishedAt": "2020-01-01T00:00:00.000Z",
        "text": "Architecto ducimus totam.",
        "twitterId": "9617",
        "urls": Object {
          "create": Array [],
        },
      },
      Object {
        "account": Object {
          "connect": Object {
            "id": 4995,
          },
        },
        "accountName": "Kamryn.Conn",
        "favoritesCount": 54060,
        "media": Object {
          "create": Array [],
        },
        "publishedAt": "2020-01-02T00:00:00.000Z",
        "text": "Sed quae nam eos sint autem rerum doloremque officia.",
        "twitterId": "90340",
        "urls": Object {
          "create": Array [],
        },
      },
      Object {
        "account": Object {
          "connect": Object {
            "id": 52479,
          },
        },
        "accountName": "Dina_Gulgowski",
        "favoritesCount": 13002,
        "media": Object {
          "create": Array [],
        },
        "publishedAt": "2020-01-01T00:00:00.000Z",
        "text": "Vitae soluta sint.",
        "twitterId": "91044",
        "urls": Object {
          "create": Array [
            Object {
              "displayUrl": "taniarascia.com/understanding-…",
              "expandedUrl": "https://www.taniarascia.com/understanding-destructuring-rest-spread/",
              "indices": Object {
                "set": Array [
                  65,
                  88,
                ],
              },
              "url": "https://t.co/Zp804COUGM",
            },
          ],
        },
      },
      Object {
        "account": Object {
          "connect": Object {
            "id": 56591,
          },
        },
        "accountName": "Harrison.Wiegand41",
        "favoritesCount": 5336,
        "media": Object {
          "create": Array [
            Object {
              "displayUrl": "pic.twitter.com/P6IgqbkRcU",
              "expandedUrl": "https://twitter.com/mgechev/status/1296696108371116034/photo/1",
              "indices": Object {
                "set": Array [
                  156,
                  179,
                ],
              },
              "mediaUrl": "http://pbs.twimg.com/media/Ef7KPPbXoAIAAV2.jpg",
              "mediaUrlHttps": "https://pbs.twimg.com/media/Ef7KPPbXoAIAAV2.jpg",
              "type": "photo",
              "url": "https://t.co/P6IgqbkRcU",
            },
          ],
        },
        "publishedAt": "2020-01-01T00:00:00.000Z",
        "text": "Laborum ratione a officia quaerat cumque incidunt.",
        "twitterId": "53344",
        "urls": Object {
          "create": Array [],
        },
      },
    ],
  },
  Object {
    "listInput": Object {
      "community": Object {
        "connect": Object {
          "id": 1,
        },
      },
      "period": "WEEK",
      "tweets": Object {
        "connect": Array [
          Object {
            "twitterId": "66063",
          },
          Object {
            "twitterId": "9617",
          },
          Object {
            "twitterId": "90340",
          },
        ],
      },
    },
    "tweetInputs": Array [
      Object {
        "account": Object {
          "connect": Object {
            "id": 41253,
          },
        },
        "accountName": "Neil44",
        "favoritesCount": 83462,
        "media": Object {
          "create": Array [],
        },
        "publishedAt": "2020-01-01T00:00:00.000Z",
        "text": "Aperiam placeat fuga.",
        "twitterId": "66063",
        "urls": Object {
          "create": Array [],
        },
      },
      Object {
        "account": Object {
          "connect": Object {
            "id": 22212,
          },
        },
        "accountName": "Eldora11",
        "favoritesCount": 78927,
        "media": Object {
          "create": Array [],
        },
        "publishedAt": "2020-01-01T00:00:00.000Z",
        "text": "Architecto ducimus totam.",
        "twitterId": "9617",
        "urls": Object {
          "create": Array [],
        },
      },
      Object {
        "account": Object {
          "connect": Object {
            "id": 4995,
          },
        },
        "accountName": "Kamryn.Conn",
        "favoritesCount": 54060,
        "media": Object {
          "create": Array [],
        },
        "publishedAt": "2020-01-02T00:00:00.000Z",
        "text": "Sed quae nam eos sint autem rerum doloremque officia.",
        "twitterId": "90340",
        "urls": Object {
          "create": Array [],
        },
      },
    ],
  },
  Object {
    "listInput": Object {
      "community": Object {
        "connect": Object {
          "id": 1,
        },
      },
      "period": "WEEK",
      "tweetType": "TEXT",
      "tweets": Object {
        "connect": Array [
          Object {
            "twitterId": "66063",
          },
          Object {
            "twitterId": "9617",
          },
          Object {
            "twitterId": "90340",
          },
        ],
      },
    },
    "tweetInputs": Array [
      Object {
        "account": Object {
          "connect": Object {
            "id": 41253,
          },
        },
        "accountName": "Neil44",
        "favoritesCount": 83462,
        "media": Object {
          "create": Array [],
        },
        "publishedAt": "2020-01-01T00:00:00.000Z",
        "text": "Aperiam placeat fuga.",
        "twitterId": "66063",
        "urls": Object {
          "create": Array [],
        },
      },
      Object {
        "account": Object {
          "connect": Object {
            "id": 22212,
          },
        },
        "accountName": "Eldora11",
        "favoritesCount": 78927,
        "media": Object {
          "create": Array [],
        },
        "publishedAt": "2020-01-01T00:00:00.000Z",
        "text": "Architecto ducimus totam.",
        "twitterId": "9617",
        "urls": Object {
          "create": Array [],
        },
      },
      Object {
        "account": Object {
          "connect": Object {
            "id": 4995,
          },
        },
        "accountName": "Kamryn.Conn",
        "favoritesCount": 54060,
        "media": Object {
          "create": Array [],
        },
        "publishedAt": "2020-01-02T00:00:00.000Z",
        "text": "Sed quae nam eos sint autem rerum doloremque officia.",
        "twitterId": "90340",
        "urls": Object {
          "create": Array [],
        },
      },
    ],
  },
  Object {
    "listInput": Object {
      "community": Object {
        "connect": Object {
          "id": 1,
        },
      },
      "period": "WEEK",
      "tweetType": "MEDIA",
      "tweets": Object {
        "connect": Array [],
      },
    },
    "tweetInputs": Array [],
  },
  Object {
    "listInput": Object {
      "community": Object {
        "connect": Object {
          "id": 1,
        },
      },
      "period": "WEEK",
      "tweetType": "LINK",
      "tweets": Object {
        "connect": Array [],
      },
    },
    "tweetInputs": Array [],
  },
  Object {
    "listInput": Object {
      "community": Object {
        "connect": Object {
          "id": 2,
        },
      },
      "period": "WEEK",
      "tweets": Object {
        "connect": Array [
          Object {
            "twitterId": "57100",
          },
          Object {
            "twitterId": "91044",
          },
          Object {
            "twitterId": "53344",
          },
        ],
      },
    },
    "tweetInputs": Array [
      Object {
        "account": Object {
          "connect": Object {
            "id": 80739,
          },
        },
        "accountName": "Nestor.Nienow88",
        "favoritesCount": 89213,
        "media": Object {
          "create": Array [],
        },
        "publishedAt": "2020-01-02T00:00:00.000Z",
        "text": "In ut dolorem et molestiae ea.",
        "twitterId": "57100",
        "urls": Object {
          "create": Array [],
        },
      },
      Object {
        "account": Object {
          "connect": Object {
            "id": 52479,
          },
        },
        "accountName": "Dina_Gulgowski",
        "favoritesCount": 13002,
        "media": Object {
          "create": Array [],
        },
        "publishedAt": "2020-01-01T00:00:00.000Z",
        "text": "Vitae soluta sint.",
        "twitterId": "91044",
        "urls": Object {
          "create": Array [
            Object {
              "displayUrl": "taniarascia.com/understanding-…",
              "expandedUrl": "https://www.taniarascia.com/understanding-destructuring-rest-spread/",
              "indices": Object {
                "set": Array [
                  65,
                  88,
                ],
              },
              "url": "https://t.co/Zp804COUGM",
            },
          ],
        },
      },
      Object {
        "account": Object {
          "connect": Object {
            "id": 56591,
          },
        },
        "accountName": "Harrison.Wiegand41",
        "favoritesCount": 5336,
        "media": Object {
          "create": Array [
            Object {
              "displayUrl": "pic.twitter.com/P6IgqbkRcU",
              "expandedUrl": "https://twitter.com/mgechev/status/1296696108371116034/photo/1",
              "indices": Object {
                "set": Array [
                  156,
                  179,
                ],
              },
              "mediaUrl": "http://pbs.twimg.com/media/Ef7KPPbXoAIAAV2.jpg",
              "mediaUrlHttps": "https://pbs.twimg.com/media/Ef7KPPbXoAIAAV2.jpg",
              "type": "photo",
              "url": "https://t.co/P6IgqbkRcU",
            },
          ],
        },
        "publishedAt": "2020-01-01T00:00:00.000Z",
        "text": "Laborum ratione a officia quaerat cumque incidunt.",
        "twitterId": "53344",
        "urls": Object {
          "create": Array [],
        },
      },
    ],
  },
  Object {
    "listInput": Object {
      "community": Object {
        "connect": Object {
          "id": 2,
        },
      },
      "period": "WEEK",
      "tweetType": "TEXT",
      "tweets": Object {
        "connect": Array [
          Object {
            "twitterId": "57100",
          },
        ],
      },
    },
    "tweetInputs": Array [
      Object {
        "account": Object {
          "connect": Object {
            "id": 80739,
          },
        },
        "accountName": "Nestor.Nienow88",
        "favoritesCount": 89213,
        "media": Object {
          "create": Array [],
        },
        "publishedAt": "2020-01-02T00:00:00.000Z",
        "text": "In ut dolorem et molestiae ea.",
        "twitterId": "57100",
        "urls": Object {
          "create": Array [],
        },
      },
    ],
  },
  Object {
    "listInput": Object {
      "community": Object {
        "connect": Object {
          "id": 2,
        },
      },
      "period": "WEEK",
      "tweetType": "MEDIA",
      "tweets": Object {
        "connect": Array [
          Object {
            "twitterId": "53344",
          },
        ],
      },
    },
    "tweetInputs": Array [
      Object {
        "account": Object {
          "connect": Object {
            "id": 56591,
          },
        },
        "accountName": "Harrison.Wiegand41",
        "favoritesCount": 5336,
        "media": Object {
          "create": Array [
            Object {
              "displayUrl": "pic.twitter.com/P6IgqbkRcU",
              "expandedUrl": "https://twitter.com/mgechev/status/1296696108371116034/photo/1",
              "indices": Object {
                "set": Array [
                  156,
                  179,
                ],
              },
              "mediaUrl": "http://pbs.twimg.com/media/Ef7KPPbXoAIAAV2.jpg",
              "mediaUrlHttps": "https://pbs.twimg.com/media/Ef7KPPbXoAIAAV2.jpg",
              "type": "photo",
              "url": "https://t.co/P6IgqbkRcU",
            },
          ],
        },
        "publishedAt": "2020-01-01T00:00:00.000Z",
        "text": "Laborum ratione a officia quaerat cumque incidunt.",
        "twitterId": "53344",
        "urls": Object {
          "create": Array [],
        },
      },
    ],
  },
  Object {
    "listInput": Object {
      "community": Object {
        "connect": Object {
          "id": 2,
        },
      },
      "period": "WEEK",
      "tweetType": "LINK",
      "tweets": Object {
        "connect": Array [
          Object {
            "twitterId": "91044",
          },
        ],
      },
    },
    "tweetInputs": Array [
      Object {
        "account": Object {
          "connect": Object {
            "id": 52479,
          },
        },
        "accountName": "Dina_Gulgowski",
        "favoritesCount": 13002,
        "media": Object {
          "create": Array [],
        },
        "publishedAt": "2020-01-01T00:00:00.000Z",
        "text": "Vitae soluta sint.",
        "twitterId": "91044",
        "urls": Object {
          "create": Array [
            Object {
              "displayUrl": "taniarascia.com/understanding-…",
              "expandedUrl": "https://www.taniarascia.com/understanding-destructuring-rest-spread/",
              "indices": Object {
                "set": Array [
                  65,
                  88,
                ],
              },
              "url": "https://t.co/Zp804COUGM",
            },
          ],
        },
      },
    ],
  },
  Object {
    "listInput": Object {
      "period": "WEEK",
      "tweetType": "TEXT",
      "tweets": Object {
        "connect": Array [
          Object {
            "twitterId": "57100",
          },
          Object {
            "twitterId": "66063",
          },
          Object {
            "twitterId": "9617",
          },
          Object {
            "twitterId": "90340",
          },
        ],
      },
    },
    "tweetInputs": Array [
      Object {
        "account": Object {
          "connect": Object {
            "id": 80739,
          },
        },
        "accountName": "Nestor.Nienow88",
        "favoritesCount": 89213,
        "media": Object {
          "create": Array [],
        },
        "publishedAt": "2020-01-02T00:00:00.000Z",
        "text": "In ut dolorem et molestiae ea.",
        "twitterId": "57100",
        "urls": Object {
          "create": Array [],
        },
      },
      Object {
        "account": Object {
          "connect": Object {
            "id": 41253,
          },
        },
        "accountName": "Neil44",
        "favoritesCount": 83462,
        "media": Object {
          "create": Array [],
        },
        "publishedAt": "2020-01-01T00:00:00.000Z",
        "text": "Aperiam placeat fuga.",
        "twitterId": "66063",
        "urls": Object {
          "create": Array [],
        },
      },
      Object {
        "account": Object {
          "connect": Object {
            "id": 22212,
          },
        },
        "accountName": "Eldora11",
        "favoritesCount": 78927,
        "media": Object {
          "create": Array [],
        },
        "publishedAt": "2020-01-01T00:00:00.000Z",
        "text": "Architecto ducimus totam.",
        "twitterId": "9617",
        "urls": Object {
          "create": Array [],
        },
      },
      Object {
        "account": Object {
          "connect": Object {
            "id": 4995,
          },
        },
        "accountName": "Kamryn.Conn",
        "favoritesCount": 54060,
        "media": Object {
          "create": Array [],
        },
        "publishedAt": "2020-01-02T00:00:00.000Z",
        "text": "Sed quae nam eos sint autem rerum doloremque officia.",
        "twitterId": "90340",
        "urls": Object {
          "create": Array [],
        },
      },
    ],
  },
  Object {
    "listInput": Object {
      "period": "WEEK",
      "tweetType": "MEDIA",
      "tweets": Object {
        "connect": Array [
          Object {
            "twitterId": "53344",
          },
        ],
      },
    },
    "tweetInputs": Array [
      Object {
        "account": Object {
          "connect": Object {
            "id": 56591,
          },
        },
        "accountName": "Harrison.Wiegand41",
        "favoritesCount": 5336,
        "media": Object {
          "create": Array [
            Object {
              "displayUrl": "pic.twitter.com/P6IgqbkRcU",
              "expandedUrl": "https://twitter.com/mgechev/status/1296696108371116034/photo/1",
              "indices": Object {
                "set": Array [
                  156,
                  179,
                ],
              },
              "mediaUrl": "http://pbs.twimg.com/media/Ef7KPPbXoAIAAV2.jpg",
              "mediaUrlHttps": "https://pbs.twimg.com/media/Ef7KPPbXoAIAAV2.jpg",
              "type": "photo",
              "url": "https://t.co/P6IgqbkRcU",
            },
          ],
        },
        "publishedAt": "2020-01-01T00:00:00.000Z",
        "text": "Laborum ratione a officia quaerat cumque incidunt.",
        "twitterId": "53344",
        "urls": Object {
          "create": Array [],
        },
      },
    ],
  },
  Object {
    "listInput": Object {
      "period": "WEEK",
      "tweetType": "LINK",
      "tweets": Object {
        "connect": Array [
          Object {
            "twitterId": "91044",
          },
        ],
      },
    },
    "tweetInputs": Array [
      Object {
        "account": Object {
          "connect": Object {
            "id": 52479,
          },
        },
        "accountName": "Dina_Gulgowski",
        "favoritesCount": 13002,
        "media": Object {
          "create": Array [],
        },
        "publishedAt": "2020-01-01T00:00:00.000Z",
        "text": "Vitae soluta sint.",
        "twitterId": "91044",
        "urls": Object {
          "create": Array [
            Object {
              "displayUrl": "taniarascia.com/understanding-…",
              "expandedUrl": "https://www.taniarascia.com/understanding-destructuring-rest-spread/",
              "indices": Object {
                "set": Array [
                  65,
                  88,
                ],
              },
              "url": "https://t.co/Zp804COUGM",
            },
          ],
        },
      },
    ],
  },
  Object {
    "listInput": Object {
      "period": "DAY",
      "tweets": Object {
        "connect": Array [
          Object {
            "twitterId": "57100",
          },
          Object {
            "twitterId": "66063",
          },
          Object {
            "twitterId": "9617",
          },
          Object {
            "twitterId": "90340",
          },
          Object {
            "twitterId": "91044",
          },
          Object {
            "twitterId": "53344",
          },
        ],
      },
    },
    "tweetInputs": Array [
      Object {
        "account": Object {
          "connect": Object {
            "id": 80739,
          },
        },
        "accountName": "Nestor.Nienow88",
        "favoritesCount": 89213,
        "media": Object {
          "create": Array [],
        },
        "publishedAt": "2020-01-02T00:00:00.000Z",
        "text": "In ut dolorem et molestiae ea.",
        "twitterId": "57100",
        "urls": Object {
          "create": Array [],
        },
      },
      Object {
        "account": Object {
          "connect": Object {
            "id": 41253,
          },
        },
        "accountName": "Neil44",
        "favoritesCount": 83462,
        "media": Object {
          "create": Array [],
        },
        "publishedAt": "2020-01-01T00:00:00.000Z",
        "text": "Aperiam placeat fuga.",
        "twitterId": "66063",
        "urls": Object {
          "create": Array [],
        },
      },
      Object {
        "account": Object {
          "connect": Object {
            "id": 22212,
          },
        },
        "accountName": "Eldora11",
        "favoritesCount": 78927,
        "media": Object {
          "create": Array [],
        },
        "publishedAt": "2020-01-01T00:00:00.000Z",
        "text": "Architecto ducimus totam.",
        "twitterId": "9617",
        "urls": Object {
          "create": Array [],
        },
      },
      Object {
        "account": Object {
          "connect": Object {
            "id": 4995,
          },
        },
        "accountName": "Kamryn.Conn",
        "favoritesCount": 54060,
        "media": Object {
          "create": Array [],
        },
        "publishedAt": "2020-01-02T00:00:00.000Z",
        "text": "Sed quae nam eos sint autem rerum doloremque officia.",
        "twitterId": "90340",
        "urls": Object {
          "create": Array [],
        },
      },
      Object {
        "account": Object {
          "connect": Object {
            "id": 52479,
          },
        },
        "accountName": "Dina_Gulgowski",
        "favoritesCount": 13002,
        "media": Object {
          "create": Array [],
        },
        "publishedAt": "2020-01-01T00:00:00.000Z",
        "text": "Vitae soluta sint.",
        "twitterId": "91044",
        "urls": Object {
          "create": Array [
            Object {
              "displayUrl": "taniarascia.com/understanding-…",
              "expandedUrl": "https://www.taniarascia.com/understanding-destructuring-rest-spread/",
              "indices": Object {
                "set": Array [
                  65,
                  88,
                ],
              },
              "url": "https://t.co/Zp804COUGM",
            },
          ],
        },
      },
      Object {
        "account": Object {
          "connect": Object {
            "id": 56591,
          },
        },
        "accountName": "Harrison.Wiegand41",
        "favoritesCount": 5336,
        "media": Object {
          "create": Array [
            Object {
              "displayUrl": "pic.twitter.com/P6IgqbkRcU",
              "expandedUrl": "https://twitter.com/mgechev/status/1296696108371116034/photo/1",
              "indices": Object {
                "set": Array [
                  156,
                  179,
                ],
              },
              "mediaUrl": "http://pbs.twimg.com/media/Ef7KPPbXoAIAAV2.jpg",
              "mediaUrlHttps": "https://pbs.twimg.com/media/Ef7KPPbXoAIAAV2.jpg",
              "type": "photo",
              "url": "https://t.co/P6IgqbkRcU",
            },
          ],
        },
        "publishedAt": "2020-01-01T00:00:00.000Z",
        "text": "Laborum ratione a officia quaerat cumque incidunt.",
        "twitterId": "53344",
        "urls": Object {
          "create": Array [],
        },
      },
    ],
  },
  Object {
    "listInput": Object {
      "community": Object {
        "connect": Object {
          "id": 1,
        },
      },
      "period": "DAY",
      "tweets": Object {
        "connect": Array [
          Object {
            "twitterId": "66063",
          },
          Object {
            "twitterId": "9617",
          },
          Object {
            "twitterId": "90340",
          },
        ],
      },
    },
    "tweetInputs": Array [
      Object {
        "account": Object {
          "connect": Object {
            "id": 41253,
          },
        },
        "accountName": "Neil44",
        "favoritesCount": 83462,
        "media": Object {
          "create": Array [],
        },
        "publishedAt": "2020-01-01T00:00:00.000Z",
        "text": "Aperiam placeat fuga.",
        "twitterId": "66063",
        "urls": Object {
          "create": Array [],
        },
      },
      Object {
        "account": Object {
          "connect": Object {
            "id": 22212,
          },
        },
        "accountName": "Eldora11",
        "favoritesCount": 78927,
        "media": Object {
          "create": Array [],
        },
        "publishedAt": "2020-01-01T00:00:00.000Z",
        "text": "Architecto ducimus totam.",
        "twitterId": "9617",
        "urls": Object {
          "create": Array [],
        },
      },
      Object {
        "account": Object {
          "connect": Object {
            "id": 4995,
          },
        },
        "accountName": "Kamryn.Conn",
        "favoritesCount": 54060,
        "media": Object {
          "create": Array [],
        },
        "publishedAt": "2020-01-02T00:00:00.000Z",
        "text": "Sed quae nam eos sint autem rerum doloremque officia.",
        "twitterId": "90340",
        "urls": Object {
          "create": Array [],
        },
      },
    ],
  },
  Object {
    "listInput": Object {
      "community": Object {
        "connect": Object {
          "id": 1,
        },
      },
      "period": "DAY",
      "tweetType": "TEXT",
      "tweets": Object {
        "connect": Array [
          Object {
            "twitterId": "66063",
          },
          Object {
            "twitterId": "9617",
          },
          Object {
            "twitterId": "90340",
          },
        ],
      },
    },
    "tweetInputs": Array [
      Object {
        "account": Object {
          "connect": Object {
            "id": 41253,
          },
        },
        "accountName": "Neil44",
        "favoritesCount": 83462,
        "media": Object {
          "create": Array [],
        },
        "publishedAt": "2020-01-01T00:00:00.000Z",
        "text": "Aperiam placeat fuga.",
        "twitterId": "66063",
        "urls": Object {
          "create": Array [],
        },
      },
      Object {
        "account": Object {
          "connect": Object {
            "id": 22212,
          },
        },
        "accountName": "Eldora11",
        "favoritesCount": 78927,
        "media": Object {
          "create": Array [],
        },
        "publishedAt": "2020-01-01T00:00:00.000Z",
        "text": "Architecto ducimus totam.",
        "twitterId": "9617",
        "urls": Object {
          "create": Array [],
        },
      },
      Object {
        "account": Object {
          "connect": Object {
            "id": 4995,
          },
        },
        "accountName": "Kamryn.Conn",
        "favoritesCount": 54060,
        "media": Object {
          "create": Array [],
        },
        "publishedAt": "2020-01-02T00:00:00.000Z",
        "text": "Sed quae nam eos sint autem rerum doloremque officia.",
        "twitterId": "90340",
        "urls": Object {
          "create": Array [],
        },
      },
    ],
  },
  Object {
    "listInput": Object {
      "community": Object {
        "connect": Object {
          "id": 1,
        },
      },
      "period": "DAY",
      "tweetType": "MEDIA",
      "tweets": Object {
        "connect": Array [],
      },
    },
    "tweetInputs": Array [],
  },
  Object {
    "listInput": Object {
      "community": Object {
        "connect": Object {
          "id": 1,
        },
      },
      "period": "DAY",
      "tweetType": "LINK",
      "tweets": Object {
        "connect": Array [],
      },
    },
    "tweetInputs": Array [],
  },
  Object {
    "listInput": Object {
      "community": Object {
        "connect": Object {
          "id": 2,
        },
      },
      "period": "DAY",
      "tweets": Object {
        "connect": Array [
          Object {
            "twitterId": "57100",
          },
          Object {
            "twitterId": "91044",
          },
          Object {
            "twitterId": "53344",
          },
        ],
      },
    },
    "tweetInputs": Array [
      Object {
        "account": Object {
          "connect": Object {
            "id": 80739,
          },
        },
        "accountName": "Nestor.Nienow88",
        "favoritesCount": 89213,
        "media": Object {
          "create": Array [],
        },
        "publishedAt": "2020-01-02T00:00:00.000Z",
        "text": "In ut dolorem et molestiae ea.",
        "twitterId": "57100",
        "urls": Object {
          "create": Array [],
        },
      },
      Object {
        "account": Object {
          "connect": Object {
            "id": 52479,
          },
        },
        "accountName": "Dina_Gulgowski",
        "favoritesCount": 13002,
        "media": Object {
          "create": Array [],
        },
        "publishedAt": "2020-01-01T00:00:00.000Z",
        "text": "Vitae soluta sint.",
        "twitterId": "91044",
        "urls": Object {
          "create": Array [
            Object {
              "displayUrl": "taniarascia.com/understanding-…",
              "expandedUrl": "https://www.taniarascia.com/understanding-destructuring-rest-spread/",
              "indices": Object {
                "set": Array [
                  65,
                  88,
                ],
              },
              "url": "https://t.co/Zp804COUGM",
            },
          ],
        },
      },
      Object {
        "account": Object {
          "connect": Object {
            "id": 56591,
          },
        },
        "accountName": "Harrison.Wiegand41",
        "favoritesCount": 5336,
        "media": Object {
          "create": Array [
            Object {
              "displayUrl": "pic.twitter.com/P6IgqbkRcU",
              "expandedUrl": "https://twitter.com/mgechev/status/1296696108371116034/photo/1",
              "indices": Object {
                "set": Array [
                  156,
                  179,
                ],
              },
              "mediaUrl": "http://pbs.twimg.com/media/Ef7KPPbXoAIAAV2.jpg",
              "mediaUrlHttps": "https://pbs.twimg.com/media/Ef7KPPbXoAIAAV2.jpg",
              "type": "photo",
              "url": "https://t.co/P6IgqbkRcU",
            },
          ],
        },
        "publishedAt": "2020-01-01T00:00:00.000Z",
        "text": "Laborum ratione a officia quaerat cumque incidunt.",
        "twitterId": "53344",
        "urls": Object {
          "create": Array [],
        },
      },
    ],
  },
  Object {
    "listInput": Object {
      "community": Object {
        "connect": Object {
          "id": 2,
        },
      },
      "period": "DAY",
      "tweetType": "TEXT",
      "tweets": Object {
        "connect": Array [
          Object {
            "twitterId": "57100",
          },
        ],
      },
    },
    "tweetInputs": Array [
      Object {
        "account": Object {
          "connect": Object {
            "id": 80739,
          },
        },
        "accountName": "Nestor.Nienow88",
        "favoritesCount": 89213,
        "media": Object {
          "create": Array [],
        },
        "publishedAt": "2020-01-02T00:00:00.000Z",
        "text": "In ut dolorem et molestiae ea.",
        "twitterId": "57100",
        "urls": Object {
          "create": Array [],
        },
      },
    ],
  },
  Object {
    "listInput": Object {
      "community": Object {
        "connect": Object {
          "id": 2,
        },
      },
      "period": "DAY",
      "tweetType": "MEDIA",
      "tweets": Object {
        "connect": Array [
          Object {
            "twitterId": "53344",
          },
        ],
      },
    },
    "tweetInputs": Array [
      Object {
        "account": Object {
          "connect": Object {
            "id": 56591,
          },
        },
        "accountName": "Harrison.Wiegand41",
        "favoritesCount": 5336,
        "media": Object {
          "create": Array [
            Object {
              "displayUrl": "pic.twitter.com/P6IgqbkRcU",
              "expandedUrl": "https://twitter.com/mgechev/status/1296696108371116034/photo/1",
              "indices": Object {
                "set": Array [
                  156,
                  179,
                ],
              },
              "mediaUrl": "http://pbs.twimg.com/media/Ef7KPPbXoAIAAV2.jpg",
              "mediaUrlHttps": "https://pbs.twimg.com/media/Ef7KPPbXoAIAAV2.jpg",
              "type": "photo",
              "url": "https://t.co/P6IgqbkRcU",
            },
          ],
        },
        "publishedAt": "2020-01-01T00:00:00.000Z",
        "text": "Laborum ratione a officia quaerat cumque incidunt.",
        "twitterId": "53344",
        "urls": Object {
          "create": Array [],
        },
      },
    ],
  },
  Object {
    "listInput": Object {
      "community": Object {
        "connect": Object {
          "id": 2,
        },
      },
      "period": "DAY",
      "tweetType": "LINK",
      "tweets": Object {
        "connect": Array [
          Object {
            "twitterId": "91044",
          },
        ],
      },
    },
    "tweetInputs": Array [
      Object {
        "account": Object {
          "connect": Object {
            "id": 52479,
          },
        },
        "accountName": "Dina_Gulgowski",
        "favoritesCount": 13002,
        "media": Object {
          "create": Array [],
        },
        "publishedAt": "2020-01-01T00:00:00.000Z",
        "text": "Vitae soluta sint.",
        "twitterId": "91044",
        "urls": Object {
          "create": Array [
            Object {
              "displayUrl": "taniarascia.com/understanding-…",
              "expandedUrl": "https://www.taniarascia.com/understanding-destructuring-rest-spread/",
              "indices": Object {
                "set": Array [
                  65,
                  88,
                ],
              },
              "url": "https://t.co/Zp804COUGM",
            },
          ],
        },
      },
    ],
  },
  Object {
    "listInput": Object {
      "period": "DAY",
      "tweetType": "TEXT",
      "tweets": Object {
        "connect": Array [
          Object {
            "twitterId": "57100",
          },
          Object {
            "twitterId": "66063",
          },
          Object {
            "twitterId": "9617",
          },
          Object {
            "twitterId": "90340",
          },
        ],
      },
    },
    "tweetInputs": Array [
      Object {
        "account": Object {
          "connect": Object {
            "id": 80739,
          },
        },
        "accountName": "Nestor.Nienow88",
        "favoritesCount": 89213,
        "media": Object {
          "create": Array [],
        },
        "publishedAt": "2020-01-02T00:00:00.000Z",
        "text": "In ut dolorem et molestiae ea.",
        "twitterId": "57100",
        "urls": Object {
          "create": Array [],
        },
      },
      Object {
        "account": Object {
          "connect": Object {
            "id": 41253,
          },
        },
        "accountName": "Neil44",
        "favoritesCount": 83462,
        "media": Object {
          "create": Array [],
        },
        "publishedAt": "2020-01-01T00:00:00.000Z",
        "text": "Aperiam placeat fuga.",
        "twitterId": "66063",
        "urls": Object {
          "create": Array [],
        },
      },
      Object {
        "account": Object {
          "connect": Object {
            "id": 22212,
          },
        },
        "accountName": "Eldora11",
        "favoritesCount": 78927,
        "media": Object {
          "create": Array [],
        },
        "publishedAt": "2020-01-01T00:00:00.000Z",
        "text": "Architecto ducimus totam.",
        "twitterId": "9617",
        "urls": Object {
          "create": Array [],
        },
      },
      Object {
        "account": Object {
          "connect": Object {
            "id": 4995,
          },
        },
        "accountName": "Kamryn.Conn",
        "favoritesCount": 54060,
        "media": Object {
          "create": Array [],
        },
        "publishedAt": "2020-01-02T00:00:00.000Z",
        "text": "Sed quae nam eos sint autem rerum doloremque officia.",
        "twitterId": "90340",
        "urls": Object {
          "create": Array [],
        },
      },
    ],
  },
  Object {
    "listInput": Object {
      "period": "DAY",
      "tweetType": "MEDIA",
      "tweets": Object {
        "connect": Array [
          Object {
            "twitterId": "53344",
          },
        ],
      },
    },
    "tweetInputs": Array [
      Object {
        "account": Object {
          "connect": Object {
            "id": 56591,
          },
        },
        "accountName": "Harrison.Wiegand41",
        "favoritesCount": 5336,
        "media": Object {
          "create": Array [
            Object {
              "displayUrl": "pic.twitter.com/P6IgqbkRcU",
              "expandedUrl": "https://twitter.com/mgechev/status/1296696108371116034/photo/1",
              "indices": Object {
                "set": Array [
                  156,
                  179,
                ],
              },
              "mediaUrl": "http://pbs.twimg.com/media/Ef7KPPbXoAIAAV2.jpg",
              "mediaUrlHttps": "https://pbs.twimg.com/media/Ef7KPPbXoAIAAV2.jpg",
              "type": "photo",
              "url": "https://t.co/P6IgqbkRcU",
            },
          ],
        },
        "publishedAt": "2020-01-01T00:00:00.000Z",
        "text": "Laborum ratione a officia quaerat cumque incidunt.",
        "twitterId": "53344",
        "urls": Object {
          "create": Array [],
        },
      },
    ],
  },
  Object {
    "listInput": Object {
      "period": "DAY",
      "tweetType": "LINK",
      "tweets": Object {
        "connect": Array [
          Object {
            "twitterId": "91044",
          },
        ],
      },
    },
    "tweetInputs": Array [
      Object {
        "account": Object {
          "connect": Object {
            "id": 52479,
          },
        },
        "accountName": "Dina_Gulgowski",
        "favoritesCount": 13002,
        "media": Object {
          "create": Array [],
        },
        "publishedAt": "2020-01-01T00:00:00.000Z",
        "text": "Vitae soluta sint.",
        "twitterId": "91044",
        "urls": Object {
          "create": Array [
            Object {
              "displayUrl": "taniarascia.com/understanding-…",
              "expandedUrl": "https://www.taniarascia.com/understanding-destructuring-rest-spread/",
              "indices": Object {
                "set": Array [
                  65,
                  88,
                ],
              },
              "url": "https://t.co/Zp804COUGM",
            },
          ],
        },
      },
    ],
  },
  Object {
    "listInput": Object {
      "community": Object {
        "connect": Object {
          "id": 1,
        },
      },
      "tweets": Object {
        "connect": Array [
          Object {
            "twitterId": "66063",
          },
          Object {
            "twitterId": "9617",
          },
          Object {
            "twitterId": "90340",
          },
        ],
      },
    },
    "tweetInputs": Array [
      Object {
        "account": Object {
          "connect": Object {
            "id": 41253,
          },
        },
        "accountName": "Neil44",
        "favoritesCount": 83462,
        "media": Object {
          "create": Array [],
        },
        "publishedAt": "2020-01-01T00:00:00.000Z",
        "text": "Aperiam placeat fuga.",
        "twitterId": "66063",
        "urls": Object {
          "create": Array [],
        },
      },
      Object {
        "account": Object {
          "connect": Object {
            "id": 22212,
          },
        },
        "accountName": "Eldora11",
        "favoritesCount": 78927,
        "media": Object {
          "create": Array [],
        },
        "publishedAt": "2020-01-01T00:00:00.000Z",
        "text": "Architecto ducimus totam.",
        "twitterId": "9617",
        "urls": Object {
          "create": Array [],
        },
      },
      Object {
        "account": Object {
          "connect": Object {
            "id": 4995,
          },
        },
        "accountName": "Kamryn.Conn",
        "favoritesCount": 54060,
        "media": Object {
          "create": Array [],
        },
        "publishedAt": "2020-01-02T00:00:00.000Z",
        "text": "Sed quae nam eos sint autem rerum doloremque officia.",
        "twitterId": "90340",
        "urls": Object {
          "create": Array [],
        },
      },
    ],
  },
  Object {
    "listInput": Object {
      "community": Object {
        "connect": Object {
          "id": 1,
        },
      },
      "tweetType": "TEXT",
      "tweets": Object {
        "connect": Array [
          Object {
            "twitterId": "66063",
          },
          Object {
            "twitterId": "9617",
          },
          Object {
            "twitterId": "90340",
          },
        ],
      },
    },
    "tweetInputs": Array [
      Object {
        "account": Object {
          "connect": Object {
            "id": 41253,
          },
        },
        "accountName": "Neil44",
        "favoritesCount": 83462,
        "media": Object {
          "create": Array [],
        },
        "publishedAt": "2020-01-01T00:00:00.000Z",
        "text": "Aperiam placeat fuga.",
        "twitterId": "66063",
        "urls": Object {
          "create": Array [],
        },
      },
      Object {
        "account": Object {
          "connect": Object {
            "id": 22212,
          },
        },
        "accountName": "Eldora11",
        "favoritesCount": 78927,
        "media": Object {
          "create": Array [],
        },
        "publishedAt": "2020-01-01T00:00:00.000Z",
        "text": "Architecto ducimus totam.",
        "twitterId": "9617",
        "urls": Object {
          "create": Array [],
        },
      },
      Object {
        "account": Object {
          "connect": Object {
            "id": 4995,
          },
        },
        "accountName": "Kamryn.Conn",
        "favoritesCount": 54060,
        "media": Object {
          "create": Array [],
        },
        "publishedAt": "2020-01-02T00:00:00.000Z",
        "text": "Sed quae nam eos sint autem rerum doloremque officia.",
        "twitterId": "90340",
        "urls": Object {
          "create": Array [],
        },
      },
    ],
  },
  Object {
    "listInput": Object {
      "community": Object {
        "connect": Object {
          "id": 1,
        },
      },
      "tweetType": "MEDIA",
      "tweets": Object {
        "connect": Array [],
      },
    },
    "tweetInputs": Array [],
  },
  Object {
    "listInput": Object {
      "community": Object {
        "connect": Object {
          "id": 1,
        },
      },
      "tweetType": "LINK",
      "tweets": Object {
        "connect": Array [],
      },
    },
    "tweetInputs": Array [],
  },
  Object {
    "listInput": Object {
      "community": Object {
        "connect": Object {
          "id": 2,
        },
      },
      "tweets": Object {
        "connect": Array [
          Object {
            "twitterId": "57100",
          },
          Object {
            "twitterId": "91044",
          },
          Object {
            "twitterId": "53344",
          },
        ],
      },
    },
    "tweetInputs": Array [
      Object {
        "account": Object {
          "connect": Object {
            "id": 80739,
          },
        },
        "accountName": "Nestor.Nienow88",
        "favoritesCount": 89213,
        "media": Object {
          "create": Array [],
        },
        "publishedAt": "2020-01-02T00:00:00.000Z",
        "text": "In ut dolorem et molestiae ea.",
        "twitterId": "57100",
        "urls": Object {
          "create": Array [],
        },
      },
      Object {
        "account": Object {
          "connect": Object {
            "id": 52479,
          },
        },
        "accountName": "Dina_Gulgowski",
        "favoritesCount": 13002,
        "media": Object {
          "create": Array [],
        },
        "publishedAt": "2020-01-01T00:00:00.000Z",
        "text": "Vitae soluta sint.",
        "twitterId": "91044",
        "urls": Object {
          "create": Array [
            Object {
              "displayUrl": "taniarascia.com/understanding-…",
              "expandedUrl": "https://www.taniarascia.com/understanding-destructuring-rest-spread/",
              "indices": Object {
                "set": Array [
                  65,
                  88,
                ],
              },
              "url": "https://t.co/Zp804COUGM",
            },
          ],
        },
      },
      Object {
        "account": Object {
          "connect": Object {
            "id": 56591,
          },
        },
        "accountName": "Harrison.Wiegand41",
        "favoritesCount": 5336,
        "media": Object {
          "create": Array [
            Object {
              "displayUrl": "pic.twitter.com/P6IgqbkRcU",
              "expandedUrl": "https://twitter.com/mgechev/status/1296696108371116034/photo/1",
              "indices": Object {
                "set": Array [
                  156,
                  179,
                ],
              },
              "mediaUrl": "http://pbs.twimg.com/media/Ef7KPPbXoAIAAV2.jpg",
              "mediaUrlHttps": "https://pbs.twimg.com/media/Ef7KPPbXoAIAAV2.jpg",
              "type": "photo",
              "url": "https://t.co/P6IgqbkRcU",
            },
          ],
        },
        "publishedAt": "2020-01-01T00:00:00.000Z",
        "text": "Laborum ratione a officia quaerat cumque incidunt.",
        "twitterId": "53344",
        "urls": Object {
          "create": Array [],
        },
      },
    ],
  },
  Object {
    "listInput": Object {
      "community": Object {
        "connect": Object {
          "id": 2,
        },
      },
      "tweetType": "TEXT",
      "tweets": Object {
        "connect": Array [
          Object {
            "twitterId": "57100",
          },
        ],
      },
    },
    "tweetInputs": Array [
      Object {
        "account": Object {
          "connect": Object {
            "id": 80739,
          },
        },
        "accountName": "Nestor.Nienow88",
        "favoritesCount": 89213,
        "media": Object {
          "create": Array [],
        },
        "publishedAt": "2020-01-02T00:00:00.000Z",
        "text": "In ut dolorem et molestiae ea.",
        "twitterId": "57100",
        "urls": Object {
          "create": Array [],
        },
      },
    ],
  },
  Object {
    "listInput": Object {
      "community": Object {
        "connect": Object {
          "id": 2,
        },
      },
      "tweetType": "MEDIA",
      "tweets": Object {
        "connect": Array [
          Object {
            "twitterId": "53344",
          },
        ],
      },
    },
    "tweetInputs": Array [
      Object {
        "account": Object {
          "connect": Object {
            "id": 56591,
          },
        },
        "accountName": "Harrison.Wiegand41",
        "favoritesCount": 5336,
        "media": Object {
          "create": Array [
            Object {
              "displayUrl": "pic.twitter.com/P6IgqbkRcU",
              "expandedUrl": "https://twitter.com/mgechev/status/1296696108371116034/photo/1",
              "indices": Object {
                "set": Array [
                  156,
                  179,
                ],
              },
              "mediaUrl": "http://pbs.twimg.com/media/Ef7KPPbXoAIAAV2.jpg",
              "mediaUrlHttps": "https://pbs.twimg.com/media/Ef7KPPbXoAIAAV2.jpg",
              "type": "photo",
              "url": "https://t.co/P6IgqbkRcU",
            },
          ],
        },
        "publishedAt": "2020-01-01T00:00:00.000Z",
        "text": "Laborum ratione a officia quaerat cumque incidunt.",
        "twitterId": "53344",
        "urls": Object {
          "create": Array [],
        },
      },
    ],
  },
  Object {
    "listInput": Object {
      "community": Object {
        "connect": Object {
          "id": 2,
        },
      },
      "tweetType": "LINK",
      "tweets": Object {
        "connect": Array [
          Object {
            "twitterId": "91044",
          },
        ],
      },
    },
    "tweetInputs": Array [
      Object {
        "account": Object {
          "connect": Object {
            "id": 52479,
          },
        },
        "accountName": "Dina_Gulgowski",
        "favoritesCount": 13002,
        "media": Object {
          "create": Array [],
        },
        "publishedAt": "2020-01-01T00:00:00.000Z",
        "text": "Vitae soluta sint.",
        "twitterId": "91044",
        "urls": Object {
          "create": Array [
            Object {
              "displayUrl": "taniarascia.com/understanding-…",
              "expandedUrl": "https://www.taniarascia.com/understanding-destructuring-rest-spread/",
              "indices": Object {
                "set": Array [
                  65,
                  88,
                ],
              },
              "url": "https://t.co/Zp804COUGM",
            },
          ],
        },
      },
    ],
  },
  Object {
    "listInput": Object {
      "tweetType": "TEXT",
      "tweets": Object {
        "connect": Array [
          Object {
            "twitterId": "57100",
          },
          Object {
            "twitterId": "66063",
          },
          Object {
            "twitterId": "9617",
          },
          Object {
            "twitterId": "90340",
          },
        ],
      },
    },
    "tweetInputs": Array [
      Object {
        "account": Object {
          "connect": Object {
            "id": 80739,
          },
        },
        "accountName": "Nestor.Nienow88",
        "favoritesCount": 89213,
        "media": Object {
          "create": Array [],
        },
        "publishedAt": "2020-01-02T00:00:00.000Z",
        "text": "In ut dolorem et molestiae ea.",
        "twitterId": "57100",
        "urls": Object {
          "create": Array [],
        },
      },
      Object {
        "account": Object {
          "connect": Object {
            "id": 41253,
          },
        },
        "accountName": "Neil44",
        "favoritesCount": 83462,
        "media": Object {
          "create": Array [],
        },
        "publishedAt": "2020-01-01T00:00:00.000Z",
        "text": "Aperiam placeat fuga.",
        "twitterId": "66063",
        "urls": Object {
          "create": Array [],
        },
      },
      Object {
        "account": Object {
          "connect": Object {
            "id": 22212,
          },
        },
        "accountName": "Eldora11",
        "favoritesCount": 78927,
        "media": Object {
          "create": Array [],
        },
        "publishedAt": "2020-01-01T00:00:00.000Z",
        "text": "Architecto ducimus totam.",
        "twitterId": "9617",
        "urls": Object {
          "create": Array [],
        },
      },
      Object {
        "account": Object {
          "connect": Object {
            "id": 4995,
          },
        },
        "accountName": "Kamryn.Conn",
        "favoritesCount": 54060,
        "media": Object {
          "create": Array [],
        },
        "publishedAt": "2020-01-02T00:00:00.000Z",
        "text": "Sed quae nam eos sint autem rerum doloremque officia.",
        "twitterId": "90340",
        "urls": Object {
          "create": Array [],
        },
      },
    ],
  },
  Object {
    "listInput": Object {
      "tweetType": "MEDIA",
      "tweets": Object {
        "connect": Array [
          Object {
            "twitterId": "53344",
          },
        ],
      },
    },
    "tweetInputs": Array [
      Object {
        "account": Object {
          "connect": Object {
            "id": 56591,
          },
        },
        "accountName": "Harrison.Wiegand41",
        "favoritesCount": 5336,
        "media": Object {
          "create": Array [
            Object {
              "displayUrl": "pic.twitter.com/P6IgqbkRcU",
              "expandedUrl": "https://twitter.com/mgechev/status/1296696108371116034/photo/1",
              "indices": Object {
                "set": Array [
                  156,
                  179,
                ],
              },
              "mediaUrl": "http://pbs.twimg.com/media/Ef7KPPbXoAIAAV2.jpg",
              "mediaUrlHttps": "https://pbs.twimg.com/media/Ef7KPPbXoAIAAV2.jpg",
              "type": "photo",
              "url": "https://t.co/P6IgqbkRcU",
            },
          ],
        },
        "publishedAt": "2020-01-01T00:00:00.000Z",
        "text": "Laborum ratione a officia quaerat cumque incidunt.",
        "twitterId": "53344",
        "urls": Object {
          "create": Array [],
        },
      },
    ],
  },
  Object {
    "listInput": Object {
      "tweetType": "LINK",
      "tweets": Object {
        "connect": Array [
          Object {
            "twitterId": "91044",
          },
        ],
      },
    },
    "tweetInputs": Array [
      Object {
        "account": Object {
          "connect": Object {
            "id": 52479,
          },
        },
        "accountName": "Dina_Gulgowski",
        "favoritesCount": 13002,
        "media": Object {
          "create": Array [],
        },
        "publishedAt": "2020-01-01T00:00:00.000Z",
        "text": "Vitae soluta sint.",
        "twitterId": "91044",
        "urls": Object {
          "create": Array [
            Object {
              "displayUrl": "taniarascia.com/understanding-…",
              "expandedUrl": "https://www.taniarascia.com/understanding-destructuring-rest-spread/",
              "indices": Object {
                "set": Array [
                  65,
                  88,
                ],
              },
              "url": "https://t.co/Zp804COUGM",
            },
          ],
        },
      },
    ],
  },
]
`;

exports[`parseTweets createListInputs works with DATE filters 1`] = `
Array [
  Object {
    "listInput": Object {
      "tweets": Object {
        "connect": Array [
          Object {
            "twitterId": "96826",
          },
          Object {
            "twitterId": "2738",
          },
          Object {
            "twitterId": "75014",
          },
          Object {
            "twitterId": "9834",
          },
          Object {
            "twitterId": "18626",
          },
          Object {
            "twitterId": "9617",
          },
        ],
      },
    },
    "tweetInputs": Array [
      Object {
        "account": Object {
          "connect": Object {
            "id": 43069,
          },
        },
        "accountName": "Priscilla69",
        "favoritesCount": 55868,
        "media": Object {
          "create": Array [],
        },
        "publishedAt": "2020-01-01T00:00:00.000Z",
        "text": "Itaque velit omnis et.",
        "twitterId": "96826",
        "urls": Object {
          "create": Array [],
        },
      },
      Object {
        "account": Object {
          "connect": Object {
            "id": 84631,
          },
        },
        "accountName": "Kaden.Ortiz45",
        "favoritesCount": 53881,
        "media": Object {
          "create": Array [],
        },
        "publishedAt": "2020-01-01T00:00:00.000Z",
        "text": "Ipsam nobis cupiditate sed dignissimos debitis.",
        "twitterId": "2738",
        "urls": Object {
          "create": Array [],
        },
      },
      Object {
        "account": Object {
          "connect": Object {
            "id": 19755,
          },
        },
        "accountName": "Lindsay_Yundt",
        "favoritesCount": 53316,
        "media": Object {
          "create": Array [],
        },
        "publishedAt": "2020-01-02T00:00:00.000Z",
        "text": "Nostrum ipsam qui nobis repellendus fugiat velit sit.",
        "twitterId": "75014",
        "urls": Object {
          "create": Array [],
        },
      },
      Object {
        "account": Object {
          "connect": Object {
            "id": 87638,
          },
        },
        "accountName": "Larue_Johnston41",
        "favoritesCount": 51815,
        "media": Object {
          "create": Array [],
        },
        "publishedAt": "2020-01-01T00:00:00.000Z",
        "text": "Saepe eum dicta eum eaque enim ipsum inventore debitis.",
        "twitterId": "9834",
        "urls": Object {
          "create": Array [],
        },
      },
      Object {
        "account": Object {
          "connect": Object {
            "id": 99718,
          },
        },
        "accountName": "Gideon.Heathcote93",
        "favoritesCount": 41702,
        "media": Object {
          "create": Array [],
        },
        "publishedAt": "2020-01-01T00:00:00.000Z",
        "text": "Recusandae alias consequuntur corporis repellat ratione ut sunt.",
        "twitterId": "18626",
        "urls": Object {
          "create": Array [],
        },
      },
      Object {
        "account": Object {
          "connect": Object {
            "id": 28044,
          },
        },
        "accountName": "Eldora11",
        "favoritesCount": 29849,
        "media": Object {
          "create": Array [],
        },
        "publishedAt": "2020-01-02T00:00:00.000Z",
        "text": "Temporibus modi aut architecto ducimus totam.",
        "twitterId": "9617",
        "urls": Object {
          "create": Array [],
        },
      },
    ],
  },
  Object {
    "listInput": Object {
      "period": "WEEK",
      "tweets": Object {
        "connect": Array [
          Object {
            "twitterId": "96826",
          },
          Object {
            "twitterId": "2738",
          },
          Object {
            "twitterId": "75014",
          },
          Object {
            "twitterId": "9834",
          },
          Object {
            "twitterId": "18626",
          },
          Object {
            "twitterId": "9617",
          },
        ],
      },
    },
    "tweetInputs": Array [
      Object {
        "account": Object {
          "connect": Object {
            "id": 43069,
          },
        },
        "accountName": "Priscilla69",
        "favoritesCount": 55868,
        "media": Object {
          "create": Array [],
        },
        "publishedAt": "2020-01-01T00:00:00.000Z",
        "text": "Itaque velit omnis et.",
        "twitterId": "96826",
        "urls": Object {
          "create": Array [],
        },
      },
      Object {
        "account": Object {
          "connect": Object {
            "id": 84631,
          },
        },
        "accountName": "Kaden.Ortiz45",
        "favoritesCount": 53881,
        "media": Object {
          "create": Array [],
        },
        "publishedAt": "2020-01-01T00:00:00.000Z",
        "text": "Ipsam nobis cupiditate sed dignissimos debitis.",
        "twitterId": "2738",
        "urls": Object {
          "create": Array [],
        },
      },
      Object {
        "account": Object {
          "connect": Object {
            "id": 19755,
          },
        },
        "accountName": "Lindsay_Yundt",
        "favoritesCount": 53316,
        "media": Object {
          "create": Array [],
        },
        "publishedAt": "2020-01-02T00:00:00.000Z",
        "text": "Nostrum ipsam qui nobis repellendus fugiat velit sit.",
        "twitterId": "75014",
        "urls": Object {
          "create": Array [],
        },
      },
      Object {
        "account": Object {
          "connect": Object {
            "id": 87638,
          },
        },
        "accountName": "Larue_Johnston41",
        "favoritesCount": 51815,
        "media": Object {
          "create": Array [],
        },
        "publishedAt": "2020-01-01T00:00:00.000Z",
        "text": "Saepe eum dicta eum eaque enim ipsum inventore debitis.",
        "twitterId": "9834",
        "urls": Object {
          "create": Array [],
        },
      },
      Object {
        "account": Object {
          "connect": Object {
            "id": 99718,
          },
        },
        "accountName": "Gideon.Heathcote93",
        "favoritesCount": 41702,
        "media": Object {
          "create": Array [],
        },
        "publishedAt": "2020-01-01T00:00:00.000Z",
        "text": "Recusandae alias consequuntur corporis repellat ratione ut sunt.",
        "twitterId": "18626",
        "urls": Object {
          "create": Array [],
        },
      },
      Object {
        "account": Object {
          "connect": Object {
            "id": 28044,
          },
        },
        "accountName": "Eldora11",
        "favoritesCount": 29849,
        "media": Object {
          "create": Array [],
        },
        "publishedAt": "2020-01-02T00:00:00.000Z",
        "text": "Temporibus modi aut architecto ducimus totam.",
        "twitterId": "9617",
        "urls": Object {
          "create": Array [],
        },
      },
    ],
  },
  Object {
    "listInput": Object {
      "period": "DAY",
      "tweets": Object {
        "connect": Array [
          Object {
            "twitterId": "96826",
          },
          Object {
            "twitterId": "2738",
          },
          Object {
            "twitterId": "75014",
          },
          Object {
            "twitterId": "9834",
          },
          Object {
            "twitterId": "18626",
          },
          Object {
            "twitterId": "9617",
          },
        ],
      },
    },
    "tweetInputs": Array [
      Object {
        "account": Object {
          "connect": Object {
            "id": 43069,
          },
        },
        "accountName": "Priscilla69",
        "favoritesCount": 55868,
        "media": Object {
          "create": Array [],
        },
        "publishedAt": "2020-01-01T00:00:00.000Z",
        "text": "Itaque velit omnis et.",
        "twitterId": "96826",
        "urls": Object {
          "create": Array [],
        },
      },
      Object {
        "account": Object {
          "connect": Object {
            "id": 84631,
          },
        },
        "accountName": "Kaden.Ortiz45",
        "favoritesCount": 53881,
        "media": Object {
          "create": Array [],
        },
        "publishedAt": "2020-01-01T00:00:00.000Z",
        "text": "Ipsam nobis cupiditate sed dignissimos debitis.",
        "twitterId": "2738",
        "urls": Object {
          "create": Array [],
        },
      },
      Object {
        "account": Object {
          "connect": Object {
            "id": 19755,
          },
        },
        "accountName": "Lindsay_Yundt",
        "favoritesCount": 53316,
        "media": Object {
          "create": Array [],
        },
        "publishedAt": "2020-01-02T00:00:00.000Z",
        "text": "Nostrum ipsam qui nobis repellendus fugiat velit sit.",
        "twitterId": "75014",
        "urls": Object {
          "create": Array [],
        },
      },
      Object {
        "account": Object {
          "connect": Object {
            "id": 87638,
          },
        },
        "accountName": "Larue_Johnston41",
        "favoritesCount": 51815,
        "media": Object {
          "create": Array [],
        },
        "publishedAt": "2020-01-01T00:00:00.000Z",
        "text": "Saepe eum dicta eum eaque enim ipsum inventore debitis.",
        "twitterId": "9834",
        "urls": Object {
          "create": Array [],
        },
      },
      Object {
        "account": Object {
          "connect": Object {
            "id": 99718,
          },
        },
        "accountName": "Gideon.Heathcote93",
        "favoritesCount": 41702,
        "media": Object {
          "create": Array [],
        },
        "publishedAt": "2020-01-01T00:00:00.000Z",
        "text": "Recusandae alias consequuntur corporis repellat ratione ut sunt.",
        "twitterId": "18626",
        "urls": Object {
          "create": Array [],
        },
      },
      Object {
        "account": Object {
          "connect": Object {
            "id": 28044,
          },
        },
        "accountName": "Eldora11",
        "favoritesCount": 29849,
        "media": Object {
          "create": Array [],
        },
        "publishedAt": "2020-01-02T00:00:00.000Z",
        "text": "Temporibus modi aut architecto ducimus totam.",
        "twitterId": "9617",
        "urls": Object {
          "create": Array [],
        },
      },
    ],
  },
]
`;

exports[`parseTweets createListInputs works with NO filters 1`] = `
Array [
  Object {
    "listInput": Object {
      "tweets": Object {
        "connect": Array [
          Object {
            "twitterId": "3905",
          },
          Object {
            "twitterId": "31551",
          },
          Object {
            "twitterId": "7336",
          },
        ],
      },
    },
    "tweetInputs": Array [
      Object {
        "account": Object {
          "connect": Object {
            "id": 71597,
          },
        },
        "accountName": "Dorcas87",
        "favoritesCount": 80074,
        "media": Object {
          "create": Array [],
        },
        "publishedAt": "2020-01-01T00:00:00.000Z",
        "text": "Et ipsam explicabo eligendi occaecati debitis et saepe eum dicta.",
        "twitterId": "3905",
        "urls": Object {
          "create": Array [],
        },
      },
      Object {
        "account": Object {
          "connect": Object {
            "id": 9834,
          },
        },
        "accountName": "Bryce_Pfannerstill41",
        "favoritesCount": 67052,
        "media": Object {
          "create": Array [],
        },
        "publishedAt": "2020-01-01T00:00:00.000Z",
        "text": "Quam tempore a velit provident velit eligendi.",
        "twitterId": "31551",
        "urls": Object {
          "create": Array [],
        },
      },
      Object {
        "account": Object {
          "connect": Object {
            "id": 3417,
          },
        },
        "accountName": "Isai.Koss29",
        "favoritesCount": 1828,
        "media": Object {
          "create": Array [],
        },
        "publishedAt": "2020-01-01T00:00:00.000Z",
        "text": "Fuga doloribus distinctio placeat ullam minima ducimus temporibus modi.",
        "twitterId": "7336",
        "urls": Object {
          "create": Array [],
        },
      },
    ],
  },
]
`;
