// Jest Snapshot v1, https://goo.gl/fbAQLP

exports[`parseTweets getListObjects works with DATE and COMMUNITIES filters 1`] = `
Array [
  Object {
    "tweetType": "ALL",
    "tweets": Object {
      "create": Array [
        Object {
          "account": Object {
            "connect": "123",
          },
          "accountName": "hey",
          "favoritesCount": 5,
          "publishedAt": "2019-12-31T23:00:00.000Z",
          "text": "text",
          "twitterId": "123",
        },
        Object {
          "account": Object {
            "connect": "123",
          },
          "accountName": "hey",
          "favoritesCount": 5,
          "publishedAt": "2019-12-31T23:00:00.000Z",
          "text": "text",
          "twitterId": "123",
        },
        Object {
          "account": Object {
            "connect": "123",
          },
          "accountName": "hey",
          "favoritesCount": 4,
          "publishedAt": "2019-12-31T23:00:00.000Z",
          "text": "text",
          "twitterId": "123",
        },
        Object {
          "account": Object {
            "connect": "123",
          },
          "accountName": "hey",
          "favoritesCount": 4,
          "publishedAt": "2019-12-31T23:00:00.000Z",
          "text": "text",
          "twitterId": "123",
        },
        Object {
          "account": Object {
            "connect": "123",
          },
          "accountName": "hey",
          "favoritesCount": 3,
          "publishedAt": "2020-01-01T23:00:00.000Z",
          "text": "text",
          "twitterId": "123",
        },
        Object {
          "account": Object {
            "connect": "123",
          },
          "accountName": "hey",
          "favoritesCount": 3,
          "publishedAt": "2020-01-01T23:00:00.000Z",
          "text": "text",
          "twitterId": "123",
        },
      ],
    },
  },
  Object {
    "tweetType": "TEXT",
    "tweets": Object {
      "create": Array [
        Object {
          "account": Object {
            "connect": "123",
          },
          "accountName": "hey",
          "favoritesCount": 5,
          "publishedAt": "2019-12-31T23:00:00.000Z",
          "text": "text",
          "twitterId": "123",
        },
        Object {
          "account": Object {
            "connect": "123",
          },
          "accountName": "hey",
          "favoritesCount": 5,
          "publishedAt": "2019-12-31T23:00:00.000Z",
          "text": "text",
          "twitterId": "123",
        },
        Object {
          "account": Object {
            "connect": "123",
          },
          "accountName": "hey",
          "favoritesCount": 4,
          "publishedAt": "2019-12-31T23:00:00.000Z",
          "text": "text",
          "twitterId": "123",
        },
        Object {
          "account": Object {
            "connect": "123",
          },
          "accountName": "hey",
          "favoritesCount": 4,
          "publishedAt": "2019-12-31T23:00:00.000Z",
          "text": "text",
          "twitterId": "123",
        },
        Object {
          "account": Object {
            "connect": "123",
          },
          "accountName": "hey",
          "favoritesCount": 3,
          "publishedAt": "2020-01-01T23:00:00.000Z",
          "text": "text",
          "twitterId": "123",
        },
        Object {
          "account": Object {
            "connect": "123",
          },
          "accountName": "hey",
          "favoritesCount": 3,
          "publishedAt": "2020-01-01T23:00:00.000Z",
          "text": "text",
          "twitterId": "123",
        },
      ],
    },
  },
  Object {
    "tweetType": "MEDIA",
    "tweets": Object {
      "create": Array [],
    },
  },
  Object {
    "tweetType": "LINK",
    "tweets": Object {
      "create": Array [],
    },
  },
  Object {
    "period": "DAY",
    "startDate": "2019-12-31T23:00:00.000Z",
    "tweetType": "ALL",
    "tweets": Object {
      "create": Array [
        Object {
          "account": Object {
            "connect": "123",
          },
          "accountName": "hey",
          "favoritesCount": 5,
          "publishedAt": "2019-12-31T23:00:00.000Z",
          "text": "text",
          "twitterId": "123",
        },
        Object {
          "account": Object {
            "connect": "123",
          },
          "accountName": "hey",
          "favoritesCount": 5,
          "publishedAt": "2019-12-31T23:00:00.000Z",
          "text": "text",
          "twitterId": "123",
        },
        Object {
          "account": Object {
            "connect": "123",
          },
          "accountName": "hey",
          "favoritesCount": 4,
          "publishedAt": "2019-12-31T23:00:00.000Z",
          "text": "text",
          "twitterId": "123",
        },
        Object {
          "account": Object {
            "connect": "123",
          },
          "accountName": "hey",
          "favoritesCount": 4,
          "publishedAt": "2019-12-31T23:00:00.000Z",
          "text": "text",
          "twitterId": "123",
        },
      ],
    },
  },
  Object {
    "period": "DAY",
    "startDate": "2019-12-31T23:00:00.000Z",
    "tweetType": "TEXT",
    "tweets": Object {
      "create": Array [
        Object {
          "account": Object {
            "connect": "123",
          },
          "accountName": "hey",
          "favoritesCount": 5,
          "publishedAt": "2019-12-31T23:00:00.000Z",
          "text": "text",
          "twitterId": "123",
        },
        Object {
          "account": Object {
            "connect": "123",
          },
          "accountName": "hey",
          "favoritesCount": 5,
          "publishedAt": "2019-12-31T23:00:00.000Z",
          "text": "text",
          "twitterId": "123",
        },
        Object {
          "account": Object {
            "connect": "123",
          },
          "accountName": "hey",
          "favoritesCount": 4,
          "publishedAt": "2019-12-31T23:00:00.000Z",
          "text": "text",
          "twitterId": "123",
        },
        Object {
          "account": Object {
            "connect": "123",
          },
          "accountName": "hey",
          "favoritesCount": 4,
          "publishedAt": "2019-12-31T23:00:00.000Z",
          "text": "text",
          "twitterId": "123",
        },
      ],
    },
  },
  Object {
    "period": "DAY",
    "startDate": "2019-12-31T23:00:00.000Z",
    "tweetType": "MEDIA",
    "tweets": Object {
      "create": Array [],
    },
  },
  Object {
    "period": "DAY",
    "startDate": "2019-12-31T23:00:00.000Z",
    "tweetType": "LINK",
    "tweets": Object {
      "create": Array [],
    },
  },
  Object {
    "community": Object {
      "connect": "1",
    },
    "period": "DAY",
    "startDate": "2019-12-31T23:00:00.000Z",
    "tweetType": "ALL",
    "tweets": Object {
      "create": Array [
        Object {
          "account": Object {
            "connect": "123",
          },
          "accountName": "hey",
          "favoritesCount": 5,
          "publishedAt": "2019-12-31T23:00:00.000Z",
          "text": "text",
          "twitterId": "123",
        },
        Object {
          "account": Object {
            "connect": "123",
          },
          "accountName": "hey",
          "favoritesCount": 4,
          "publishedAt": "2019-12-31T23:00:00.000Z",
          "text": "text",
          "twitterId": "123",
        },
      ],
    },
  },
  Object {
    "community": Object {
      "connect": "1",
    },
    "period": "DAY",
    "startDate": "2019-12-31T23:00:00.000Z",
    "tweetType": "TEXT",
    "tweets": Object {
      "create": Array [
        Object {
          "account": Object {
            "connect": "123",
          },
          "accountName": "hey",
          "favoritesCount": 5,
          "publishedAt": "2019-12-31T23:00:00.000Z",
          "text": "text",
          "twitterId": "123",
        },
        Object {
          "account": Object {
            "connect": "123",
          },
          "accountName": "hey",
          "favoritesCount": 4,
          "publishedAt": "2019-12-31T23:00:00.000Z",
          "text": "text",
          "twitterId": "123",
        },
      ],
    },
  },
  Object {
    "community": Object {
      "connect": "1",
    },
    "period": "DAY",
    "startDate": "2019-12-31T23:00:00.000Z",
    "tweetType": "MEDIA",
    "tweets": Object {
      "create": Array [],
    },
  },
  Object {
    "community": Object {
      "connect": "1",
    },
    "period": "DAY",
    "startDate": "2019-12-31T23:00:00.000Z",
    "tweetType": "LINK",
    "tweets": Object {
      "create": Array [],
    },
  },
  Object {
    "community": Object {
      "connect": "2",
    },
    "period": "DAY",
    "startDate": "2019-12-31T23:00:00.000Z",
    "tweetType": "ALL",
    "tweets": Object {
      "create": Array [
        Object {
          "account": Object {
            "connect": "123",
          },
          "accountName": "hey",
          "favoritesCount": 5,
          "publishedAt": "2019-12-31T23:00:00.000Z",
          "text": "text",
          "twitterId": "123",
        },
        Object {
          "account": Object {
            "connect": "123",
          },
          "accountName": "hey",
          "favoritesCount": 4,
          "publishedAt": "2019-12-31T23:00:00.000Z",
          "text": "text",
          "twitterId": "123",
        },
      ],
    },
  },
  Object {
    "community": Object {
      "connect": "2",
    },
    "period": "DAY",
    "startDate": "2019-12-31T23:00:00.000Z",
    "tweetType": "TEXT",
    "tweets": Object {
      "create": Array [
        Object {
          "account": Object {
            "connect": "123",
          },
          "accountName": "hey",
          "favoritesCount": 5,
          "publishedAt": "2019-12-31T23:00:00.000Z",
          "text": "text",
          "twitterId": "123",
        },
        Object {
          "account": Object {
            "connect": "123",
          },
          "accountName": "hey",
          "favoritesCount": 4,
          "publishedAt": "2019-12-31T23:00:00.000Z",
          "text": "text",
          "twitterId": "123",
        },
      ],
    },
  },
  Object {
    "community": Object {
      "connect": "2",
    },
    "period": "DAY",
    "startDate": "2019-12-31T23:00:00.000Z",
    "tweetType": "MEDIA",
    "tweets": Object {
      "create": Array [],
    },
  },
  Object {
    "community": Object {
      "connect": "2",
    },
    "period": "DAY",
    "startDate": "2019-12-31T23:00:00.000Z",
    "tweetType": "LINK",
    "tweets": Object {
      "create": Array [],
    },
  },
  Object {
    "period": "DAY",
    "startDate": "2020-01-01T23:00:00.000Z",
    "tweetType": "ALL",
    "tweets": Object {
      "create": Array [
        Object {
          "account": Object {
            "connect": "123",
          },
          "accountName": "hey",
          "favoritesCount": 3,
          "publishedAt": "2020-01-01T23:00:00.000Z",
          "text": "text",
          "twitterId": "123",
        },
        Object {
          "account": Object {
            "connect": "123",
          },
          "accountName": "hey",
          "favoritesCount": 3,
          "publishedAt": "2020-01-01T23:00:00.000Z",
          "text": "text",
          "twitterId": "123",
        },
      ],
    },
  },
  Object {
    "period": "DAY",
    "startDate": "2020-01-01T23:00:00.000Z",
    "tweetType": "TEXT",
    "tweets": Object {
      "create": Array [
        Object {
          "account": Object {
            "connect": "123",
          },
          "accountName": "hey",
          "favoritesCount": 3,
          "publishedAt": "2020-01-01T23:00:00.000Z",
          "text": "text",
          "twitterId": "123",
        },
        Object {
          "account": Object {
            "connect": "123",
          },
          "accountName": "hey",
          "favoritesCount": 3,
          "publishedAt": "2020-01-01T23:00:00.000Z",
          "text": "text",
          "twitterId": "123",
        },
      ],
    },
  },
  Object {
    "period": "DAY",
    "startDate": "2020-01-01T23:00:00.000Z",
    "tweetType": "MEDIA",
    "tweets": Object {
      "create": Array [],
    },
  },
  Object {
    "period": "DAY",
    "startDate": "2020-01-01T23:00:00.000Z",
    "tweetType": "LINK",
    "tweets": Object {
      "create": Array [],
    },
  },
  Object {
    "community": Object {
      "connect": "1",
    },
    "period": "DAY",
    "startDate": "2020-01-01T23:00:00.000Z",
    "tweetType": "ALL",
    "tweets": Object {
      "create": Array [
        Object {
          "account": Object {
            "connect": "123",
          },
          "accountName": "hey",
          "favoritesCount": 3,
          "publishedAt": "2020-01-01T23:00:00.000Z",
          "text": "text",
          "twitterId": "123",
        },
      ],
    },
  },
  Object {
    "community": Object {
      "connect": "1",
    },
    "period": "DAY",
    "startDate": "2020-01-01T23:00:00.000Z",
    "tweetType": "TEXT",
    "tweets": Object {
      "create": Array [
        Object {
          "account": Object {
            "connect": "123",
          },
          "accountName": "hey",
          "favoritesCount": 3,
          "publishedAt": "2020-01-01T23:00:00.000Z",
          "text": "text",
          "twitterId": "123",
        },
      ],
    },
  },
  Object {
    "community": Object {
      "connect": "1",
    },
    "period": "DAY",
    "startDate": "2020-01-01T23:00:00.000Z",
    "tweetType": "MEDIA",
    "tweets": Object {
      "create": Array [],
    },
  },
  Object {
    "community": Object {
      "connect": "1",
    },
    "period": "DAY",
    "startDate": "2020-01-01T23:00:00.000Z",
    "tweetType": "LINK",
    "tweets": Object {
      "create": Array [],
    },
  },
  Object {
    "community": Object {
      "connect": "2",
    },
    "period": "DAY",
    "startDate": "2020-01-01T23:00:00.000Z",
    "tweetType": "ALL",
    "tweets": Object {
      "create": Array [
        Object {
          "account": Object {
            "connect": "123",
          },
          "accountName": "hey",
          "favoritesCount": 3,
          "publishedAt": "2020-01-01T23:00:00.000Z",
          "text": "text",
          "twitterId": "123",
        },
      ],
    },
  },
  Object {
    "community": Object {
      "connect": "2",
    },
    "period": "DAY",
    "startDate": "2020-01-01T23:00:00.000Z",
    "tweetType": "TEXT",
    "tweets": Object {
      "create": Array [
        Object {
          "account": Object {
            "connect": "123",
          },
          "accountName": "hey",
          "favoritesCount": 3,
          "publishedAt": "2020-01-01T23:00:00.000Z",
          "text": "text",
          "twitterId": "123",
        },
      ],
    },
  },
  Object {
    "community": Object {
      "connect": "2",
    },
    "period": "DAY",
    "startDate": "2020-01-01T23:00:00.000Z",
    "tweetType": "MEDIA",
    "tweets": Object {
      "create": Array [],
    },
  },
  Object {
    "community": Object {
      "connect": "2",
    },
    "period": "DAY",
    "startDate": "2020-01-01T23:00:00.000Z",
    "tweetType": "LINK",
    "tweets": Object {
      "create": Array [],
    },
  },
  Object {
    "community": Object {
      "connect": "1",
    },
    "tweetType": "ALL",
    "tweets": Object {
      "create": Array [
        Object {
          "account": Object {
            "connect": "123",
          },
          "accountName": "hey",
          "favoritesCount": 5,
          "publishedAt": "2019-12-31T23:00:00.000Z",
          "text": "text",
          "twitterId": "123",
        },
        Object {
          "account": Object {
            "connect": "123",
          },
          "accountName": "hey",
          "favoritesCount": 4,
          "publishedAt": "2019-12-31T23:00:00.000Z",
          "text": "text",
          "twitterId": "123",
        },
        Object {
          "account": Object {
            "connect": "123",
          },
          "accountName": "hey",
          "favoritesCount": 3,
          "publishedAt": "2020-01-01T23:00:00.000Z",
          "text": "text",
          "twitterId": "123",
        },
      ],
    },
  },
  Object {
    "community": Object {
      "connect": "1",
    },
    "tweetType": "TEXT",
    "tweets": Object {
      "create": Array [
        Object {
          "account": Object {
            "connect": "123",
          },
          "accountName": "hey",
          "favoritesCount": 5,
          "publishedAt": "2019-12-31T23:00:00.000Z",
          "text": "text",
          "twitterId": "123",
        },
        Object {
          "account": Object {
            "connect": "123",
          },
          "accountName": "hey",
          "favoritesCount": 4,
          "publishedAt": "2019-12-31T23:00:00.000Z",
          "text": "text",
          "twitterId": "123",
        },
        Object {
          "account": Object {
            "connect": "123",
          },
          "accountName": "hey",
          "favoritesCount": 3,
          "publishedAt": "2020-01-01T23:00:00.000Z",
          "text": "text",
          "twitterId": "123",
        },
      ],
    },
  },
  Object {
    "community": Object {
      "connect": "1",
    },
    "tweetType": "MEDIA",
    "tweets": Object {
      "create": Array [],
    },
  },
  Object {
    "community": Object {
      "connect": "1",
    },
    "tweetType": "LINK",
    "tweets": Object {
      "create": Array [],
    },
  },
  Object {
    "community": Object {
      "connect": "1",
    },
    "period": "DAY",
    "startDate": "2019-12-31T23:00:00.000Z",
    "tweetType": "ALL",
    "tweets": Object {
      "create": Array [
        Object {
          "account": Object {
            "connect": "123",
          },
          "accountName": "hey",
          "favoritesCount": 5,
          "publishedAt": "2019-12-31T23:00:00.000Z",
          "text": "text",
          "twitterId": "123",
        },
        Object {
          "account": Object {
            "connect": "123",
          },
          "accountName": "hey",
          "favoritesCount": 4,
          "publishedAt": "2019-12-31T23:00:00.000Z",
          "text": "text",
          "twitterId": "123",
        },
      ],
    },
  },
  Object {
    "community": Object {
      "connect": "1",
    },
    "period": "DAY",
    "startDate": "2019-12-31T23:00:00.000Z",
    "tweetType": "TEXT",
    "tweets": Object {
      "create": Array [
        Object {
          "account": Object {
            "connect": "123",
          },
          "accountName": "hey",
          "favoritesCount": 5,
          "publishedAt": "2019-12-31T23:00:00.000Z",
          "text": "text",
          "twitterId": "123",
        },
        Object {
          "account": Object {
            "connect": "123",
          },
          "accountName": "hey",
          "favoritesCount": 4,
          "publishedAt": "2019-12-31T23:00:00.000Z",
          "text": "text",
          "twitterId": "123",
        },
      ],
    },
  },
  Object {
    "community": Object {
      "connect": "1",
    },
    "period": "DAY",
    "startDate": "2019-12-31T23:00:00.000Z",
    "tweetType": "MEDIA",
    "tweets": Object {
      "create": Array [],
    },
  },
  Object {
    "community": Object {
      "connect": "1",
    },
    "period": "DAY",
    "startDate": "2019-12-31T23:00:00.000Z",
    "tweetType": "LINK",
    "tweets": Object {
      "create": Array [],
    },
  },
  Object {
    "community": Object {
      "connect": "1",
    },
    "period": "DAY",
    "startDate": "2020-01-01T23:00:00.000Z",
    "tweetType": "ALL",
    "tweets": Object {
      "create": Array [
        Object {
          "account": Object {
            "connect": "123",
          },
          "accountName": "hey",
          "favoritesCount": 3,
          "publishedAt": "2020-01-01T23:00:00.000Z",
          "text": "text",
          "twitterId": "123",
        },
      ],
    },
  },
  Object {
    "community": Object {
      "connect": "1",
    },
    "period": "DAY",
    "startDate": "2020-01-01T23:00:00.000Z",
    "tweetType": "TEXT",
    "tweets": Object {
      "create": Array [
        Object {
          "account": Object {
            "connect": "123",
          },
          "accountName": "hey",
          "favoritesCount": 3,
          "publishedAt": "2020-01-01T23:00:00.000Z",
          "text": "text",
          "twitterId": "123",
        },
      ],
    },
  },
  Object {
    "community": Object {
      "connect": "1",
    },
    "period": "DAY",
    "startDate": "2020-01-01T23:00:00.000Z",
    "tweetType": "MEDIA",
    "tweets": Object {
      "create": Array [],
    },
  },
  Object {
    "community": Object {
      "connect": "1",
    },
    "period": "DAY",
    "startDate": "2020-01-01T23:00:00.000Z",
    "tweetType": "LINK",
    "tweets": Object {
      "create": Array [],
    },
  },
  Object {
    "community": Object {
      "connect": "2",
    },
    "tweetType": "ALL",
    "tweets": Object {
      "create": Array [
        Object {
          "account": Object {
            "connect": "123",
          },
          "accountName": "hey",
          "favoritesCount": 5,
          "publishedAt": "2019-12-31T23:00:00.000Z",
          "text": "text",
          "twitterId": "123",
        },
        Object {
          "account": Object {
            "connect": "123",
          },
          "accountName": "hey",
          "favoritesCount": 4,
          "publishedAt": "2019-12-31T23:00:00.000Z",
          "text": "text",
          "twitterId": "123",
        },
        Object {
          "account": Object {
            "connect": "123",
          },
          "accountName": "hey",
          "favoritesCount": 3,
          "publishedAt": "2020-01-01T23:00:00.000Z",
          "text": "text",
          "twitterId": "123",
        },
      ],
    },
  },
  Object {
    "community": Object {
      "connect": "2",
    },
    "tweetType": "TEXT",
    "tweets": Object {
      "create": Array [
        Object {
          "account": Object {
            "connect": "123",
          },
          "accountName": "hey",
          "favoritesCount": 5,
          "publishedAt": "2019-12-31T23:00:00.000Z",
          "text": "text",
          "twitterId": "123",
        },
        Object {
          "account": Object {
            "connect": "123",
          },
          "accountName": "hey",
          "favoritesCount": 4,
          "publishedAt": "2019-12-31T23:00:00.000Z",
          "text": "text",
          "twitterId": "123",
        },
        Object {
          "account": Object {
            "connect": "123",
          },
          "accountName": "hey",
          "favoritesCount": 3,
          "publishedAt": "2020-01-01T23:00:00.000Z",
          "text": "text",
          "twitterId": "123",
        },
      ],
    },
  },
  Object {
    "community": Object {
      "connect": "2",
    },
    "tweetType": "MEDIA",
    "tweets": Object {
      "create": Array [],
    },
  },
  Object {
    "community": Object {
      "connect": "2",
    },
    "tweetType": "LINK",
    "tweets": Object {
      "create": Array [],
    },
  },
  Object {
    "community": Object {
      "connect": "2",
    },
    "period": "DAY",
    "startDate": "2019-12-31T23:00:00.000Z",
    "tweetType": "ALL",
    "tweets": Object {
      "create": Array [
        Object {
          "account": Object {
            "connect": "123",
          },
          "accountName": "hey",
          "favoritesCount": 5,
          "publishedAt": "2019-12-31T23:00:00.000Z",
          "text": "text",
          "twitterId": "123",
        },
        Object {
          "account": Object {
            "connect": "123",
          },
          "accountName": "hey",
          "favoritesCount": 4,
          "publishedAt": "2019-12-31T23:00:00.000Z",
          "text": "text",
          "twitterId": "123",
        },
      ],
    },
  },
  Object {
    "community": Object {
      "connect": "2",
    },
    "period": "DAY",
    "startDate": "2019-12-31T23:00:00.000Z",
    "tweetType": "TEXT",
    "tweets": Object {
      "create": Array [
        Object {
          "account": Object {
            "connect": "123",
          },
          "accountName": "hey",
          "favoritesCount": 5,
          "publishedAt": "2019-12-31T23:00:00.000Z",
          "text": "text",
          "twitterId": "123",
        },
        Object {
          "account": Object {
            "connect": "123",
          },
          "accountName": "hey",
          "favoritesCount": 4,
          "publishedAt": "2019-12-31T23:00:00.000Z",
          "text": "text",
          "twitterId": "123",
        },
      ],
    },
  },
  Object {
    "community": Object {
      "connect": "2",
    },
    "period": "DAY",
    "startDate": "2019-12-31T23:00:00.000Z",
    "tweetType": "MEDIA",
    "tweets": Object {
      "create": Array [],
    },
  },
  Object {
    "community": Object {
      "connect": "2",
    },
    "period": "DAY",
    "startDate": "2019-12-31T23:00:00.000Z",
    "tweetType": "LINK",
    "tweets": Object {
      "create": Array [],
    },
  },
  Object {
    "community": Object {
      "connect": "2",
    },
    "period": "DAY",
    "startDate": "2020-01-01T23:00:00.000Z",
    "tweetType": "ALL",
    "tweets": Object {
      "create": Array [
        Object {
          "account": Object {
            "connect": "123",
          },
          "accountName": "hey",
          "favoritesCount": 3,
          "publishedAt": "2020-01-01T23:00:00.000Z",
          "text": "text",
          "twitterId": "123",
        },
      ],
    },
  },
  Object {
    "community": Object {
      "connect": "2",
    },
    "period": "DAY",
    "startDate": "2020-01-01T23:00:00.000Z",
    "tweetType": "TEXT",
    "tweets": Object {
      "create": Array [
        Object {
          "account": Object {
            "connect": "123",
          },
          "accountName": "hey",
          "favoritesCount": 3,
          "publishedAt": "2020-01-01T23:00:00.000Z",
          "text": "text",
          "twitterId": "123",
        },
      ],
    },
  },
  Object {
    "community": Object {
      "connect": "2",
    },
    "period": "DAY",
    "startDate": "2020-01-01T23:00:00.000Z",
    "tweetType": "MEDIA",
    "tweets": Object {
      "create": Array [],
    },
  },
  Object {
    "community": Object {
      "connect": "2",
    },
    "period": "DAY",
    "startDate": "2020-01-01T23:00:00.000Z",
    "tweetType": "LINK",
    "tweets": Object {
      "create": Array [],
    },
  },
]
`;

exports[`parseTweets getListObjects works with DATE filters 1`] = `
Array [
  Object {
    "tweetType": "ALL",
    "tweets": Object {
      "create": Array [
        Object {
          "account": Object {
            "connect": "123",
          },
          "accountName": "hey",
          "favoritesCount": 5,
          "publishedAt": "2019-12-31T23:00:00.000Z",
          "text": "text",
          "twitterId": "123",
        },
        Object {
          "account": Object {
            "connect": "123",
          },
          "accountName": "hey",
          "favoritesCount": 5,
          "publishedAt": "2019-12-31T23:00:00.000Z",
          "text": "text",
          "twitterId": "123",
        },
        Object {
          "account": Object {
            "connect": "123",
          },
          "accountName": "hey",
          "favoritesCount": 4,
          "publishedAt": "2019-12-31T23:00:00.000Z",
          "text": "text",
          "twitterId": "123",
        },
        Object {
          "account": Object {
            "connect": "123",
          },
          "accountName": "hey",
          "favoritesCount": 4,
          "publishedAt": "2019-12-31T23:00:00.000Z",
          "text": "text",
          "twitterId": "123",
        },
        Object {
          "account": Object {
            "connect": "123",
          },
          "accountName": "hey",
          "favoritesCount": 3,
          "publishedAt": "2020-01-01T23:00:00.000Z",
          "text": "text",
          "twitterId": "123",
        },
        Object {
          "account": Object {
            "connect": "123",
          },
          "accountName": "hey",
          "favoritesCount": 3,
          "publishedAt": "2020-01-01T23:00:00.000Z",
          "text": "text",
          "twitterId": "123",
        },
      ],
    },
  },
  Object {
    "tweetType": "TEXT",
    "tweets": Object {
      "create": Array [
        Object {
          "account": Object {
            "connect": "123",
          },
          "accountName": "hey",
          "favoritesCount": 5,
          "publishedAt": "2019-12-31T23:00:00.000Z",
          "text": "text",
          "twitterId": "123",
        },
        Object {
          "account": Object {
            "connect": "123",
          },
          "accountName": "hey",
          "favoritesCount": 5,
          "publishedAt": "2019-12-31T23:00:00.000Z",
          "text": "text",
          "twitterId": "123",
        },
        Object {
          "account": Object {
            "connect": "123",
          },
          "accountName": "hey",
          "favoritesCount": 4,
          "publishedAt": "2019-12-31T23:00:00.000Z",
          "text": "text",
          "twitterId": "123",
        },
        Object {
          "account": Object {
            "connect": "123",
          },
          "accountName": "hey",
          "favoritesCount": 4,
          "publishedAt": "2019-12-31T23:00:00.000Z",
          "text": "text",
          "twitterId": "123",
        },
        Object {
          "account": Object {
            "connect": "123",
          },
          "accountName": "hey",
          "favoritesCount": 3,
          "publishedAt": "2020-01-01T23:00:00.000Z",
          "text": "text",
          "twitterId": "123",
        },
        Object {
          "account": Object {
            "connect": "123",
          },
          "accountName": "hey",
          "favoritesCount": 3,
          "publishedAt": "2020-01-01T23:00:00.000Z",
          "text": "text",
          "twitterId": "123",
        },
      ],
    },
  },
  Object {
    "tweetType": "MEDIA",
    "tweets": Object {
      "create": Array [],
    },
  },
  Object {
    "tweetType": "LINK",
    "tweets": Object {
      "create": Array [],
    },
  },
  Object {
    "period": "DAY",
    "startDate": "2019-12-31T23:00:00.000Z",
    "tweetType": "ALL",
    "tweets": Object {
      "create": Array [
        Object {
          "account": Object {
            "connect": "123",
          },
          "accountName": "hey",
          "favoritesCount": 5,
          "publishedAt": "2019-12-31T23:00:00.000Z",
          "text": "text",
          "twitterId": "123",
        },
        Object {
          "account": Object {
            "connect": "123",
          },
          "accountName": "hey",
          "favoritesCount": 5,
          "publishedAt": "2019-12-31T23:00:00.000Z",
          "text": "text",
          "twitterId": "123",
        },
        Object {
          "account": Object {
            "connect": "123",
          },
          "accountName": "hey",
          "favoritesCount": 4,
          "publishedAt": "2019-12-31T23:00:00.000Z",
          "text": "text",
          "twitterId": "123",
        },
        Object {
          "account": Object {
            "connect": "123",
          },
          "accountName": "hey",
          "favoritesCount": 4,
          "publishedAt": "2019-12-31T23:00:00.000Z",
          "text": "text",
          "twitterId": "123",
        },
      ],
    },
  },
  Object {
    "period": "DAY",
    "startDate": "2019-12-31T23:00:00.000Z",
    "tweetType": "TEXT",
    "tweets": Object {
      "create": Array [
        Object {
          "account": Object {
            "connect": "123",
          },
          "accountName": "hey",
          "favoritesCount": 5,
          "publishedAt": "2019-12-31T23:00:00.000Z",
          "text": "text",
          "twitterId": "123",
        },
        Object {
          "account": Object {
            "connect": "123",
          },
          "accountName": "hey",
          "favoritesCount": 5,
          "publishedAt": "2019-12-31T23:00:00.000Z",
          "text": "text",
          "twitterId": "123",
        },
        Object {
          "account": Object {
            "connect": "123",
          },
          "accountName": "hey",
          "favoritesCount": 4,
          "publishedAt": "2019-12-31T23:00:00.000Z",
          "text": "text",
          "twitterId": "123",
        },
        Object {
          "account": Object {
            "connect": "123",
          },
          "accountName": "hey",
          "favoritesCount": 4,
          "publishedAt": "2019-12-31T23:00:00.000Z",
          "text": "text",
          "twitterId": "123",
        },
      ],
    },
  },
  Object {
    "period": "DAY",
    "startDate": "2019-12-31T23:00:00.000Z",
    "tweetType": "MEDIA",
    "tweets": Object {
      "create": Array [],
    },
  },
  Object {
    "period": "DAY",
    "startDate": "2019-12-31T23:00:00.000Z",
    "tweetType": "LINK",
    "tweets": Object {
      "create": Array [],
    },
  },
  Object {
    "period": "DAY",
    "startDate": "2020-01-01T23:00:00.000Z",
    "tweetType": "ALL",
    "tweets": Object {
      "create": Array [
        Object {
          "account": Object {
            "connect": "123",
          },
          "accountName": "hey",
          "favoritesCount": 3,
          "publishedAt": "2020-01-01T23:00:00.000Z",
          "text": "text",
          "twitterId": "123",
        },
        Object {
          "account": Object {
            "connect": "123",
          },
          "accountName": "hey",
          "favoritesCount": 3,
          "publishedAt": "2020-01-01T23:00:00.000Z",
          "text": "text",
          "twitterId": "123",
        },
      ],
    },
  },
  Object {
    "period": "DAY",
    "startDate": "2020-01-01T23:00:00.000Z",
    "tweetType": "TEXT",
    "tweets": Object {
      "create": Array [
        Object {
          "account": Object {
            "connect": "123",
          },
          "accountName": "hey",
          "favoritesCount": 3,
          "publishedAt": "2020-01-01T23:00:00.000Z",
          "text": "text",
          "twitterId": "123",
        },
        Object {
          "account": Object {
            "connect": "123",
          },
          "accountName": "hey",
          "favoritesCount": 3,
          "publishedAt": "2020-01-01T23:00:00.000Z",
          "text": "text",
          "twitterId": "123",
        },
      ],
    },
  },
  Object {
    "period": "DAY",
    "startDate": "2020-01-01T23:00:00.000Z",
    "tweetType": "MEDIA",
    "tweets": Object {
      "create": Array [],
    },
  },
  Object {
    "period": "DAY",
    "startDate": "2020-01-01T23:00:00.000Z",
    "tweetType": "LINK",
    "tweets": Object {
      "create": Array [],
    },
  },
]
`;

exports[`parseTweets getListObjects works with NO filters 1`] = `
Array [
  Object {
    "tweetType": "ALL",
    "tweets": Object {
      "create": Array [
        Object {
          "account": Object {
            "connect": "123",
          },
          "accountName": "hey",
          "favoritesCount": 5,
          "publishedAt": "2019-12-31T23:00:00.000Z",
          "text": "text",
          "twitterId": "123",
        },
        Object {
          "account": Object {
            "connect": "123",
          },
          "accountName": "hey",
          "favoritesCount": 4,
          "publishedAt": "2019-12-31T23:00:00.000Z",
          "text": "text",
          "twitterId": "123",
        },
        Object {
          "account": Object {
            "connect": "123",
          },
          "accountName": "hey",
          "favoritesCount": 3,
          "publishedAt": "2019-12-31T23:00:00.000Z",
          "text": "text",
          "twitterId": "123",
        },
        Object {
          "account": Object {
            "connect": "123",
          },
          "accountName": "hey",
          "favoritesCount": 2,
          "publishedAt": "2019-12-31T23:00:00.000Z",
          "text": "text",
          "twitterId": "123",
        },
      ],
    },
  },
  Object {
    "tweetType": "TEXT",
    "tweets": Object {
      "create": Array [
        Object {
          "account": Object {
            "connect": "123",
          },
          "accountName": "hey",
          "favoritesCount": 5,
          "publishedAt": "2019-12-31T23:00:00.000Z",
          "text": "text",
          "twitterId": "123",
        },
        Object {
          "account": Object {
            "connect": "123",
          },
          "accountName": "hey",
          "favoritesCount": 4,
          "publishedAt": "2019-12-31T23:00:00.000Z",
          "text": "text",
          "twitterId": "123",
        },
      ],
    },
  },
  Object {
    "tweetType": "MEDIA",
    "tweets": Object {
      "create": Array [
        Object {
          "account": Object {
            "connect": "123",
          },
          "accountName": "hey",
          "favoritesCount": 2,
          "publishedAt": "2019-12-31T23:00:00.000Z",
          "text": "text",
          "twitterId": "123",
        },
      ],
    },
  },
  Object {
    "tweetType": "LINK",
    "tweets": Object {
      "create": Array [
        Object {
          "account": Object {
            "connect": "123",
          },
          "accountName": "hey",
          "favoritesCount": 3,
          "publishedAt": "2019-12-31T23:00:00.000Z",
          "text": "text",
          "twitterId": "123",
        },
      ],
    },
  },
]
`;
